[xaitokens.app/presale/index.html]
[backblue.gif]
[fade.gif]
[index.html]
[xaitokens.app/presale/style.css]
[xaitokens.app/presale/assets/Xai-coin.png]
[xaitokens.app/presale/assets/image-removebg-preview (14).png]
[xaitokens.app/presale/assets/banner-33-2-2048x1915.png]
[xaitokens.app/presale/assets/banner-5.jpg]
[xaitokens.app/presale/assets/z5520329352798_4809add7676de5643e97129c5d467412.jpg]
[xaitokens.app/presale/assets/bieudo-1.png]
[xaitokens.app/presale/swap/index.html]
[xaitokens.app/presale/assets/face-ai.png]
[xaitokens.app/presale/assets/banner-3-roadmap-2000x2000-01-2048x2048.png]
[xaitokens.app/presale/assets/Screenshot 2024-06-27 135516.png]
[cdn.jsdelivr.net/npm/particles.js]
[xaitokens.app/presale/index.html]
[xaitokens.app/presale/index.js]
[xaitokens.app/presale/style.css]
[kit.fontawesome.com/86b127aff6.html]
[xaitokens.app/presale/assets/svg-edited.svg]
[xaitokens.app/presale/swap/assets/css/swap.css]
[xaitokens.app/presale/swap/favicon.ico]
[xaitokens.app/presale/swap/assets/images/logo/favicon.png]
[cdnjs.cloudflare.com/ajax/libs/font-awesome/5.13.0/css/all.min.css]
[xaitokens.app/presale/swap/assets/img/btc.png]
[xaitokens.app/presale/swap/assets/img/bnb.png]
[xaitokens.app/presale/swap/assets/img/eth.png]
[xaitokens.app/presale/swap/assets/img/xrp.png]
[xaitokens.app/presale/swap/assets/img/ada.png]
[xaitokens.app/presale/swap/assets/img/doge.png]
[xaitokens.app/presale/swap/assets/img/guide-arrow.png]
[xaitokens.app/presale/swap/assets/img/down-arrow.png]
[xaitokens.app/presale/swap/assets/img/shib.png]
[xaitokens.app/presale/swap/assets/img/chart1.png]
[cdnjs.cloudflare.com/ajax/libs/jquery/3.6.0/jquery.min.js]
[xaitokens.app/presale/swap/assets/js/numeric.js]
[xaitokens.app/presale/swap/assets/js/popup.js]
[xaitokens.app/presale/swap/assets/js/crypto.js]
[www.smartsuppchat.com/loaderd41d.js]
[xaitokens.app/presale/swap/âhttps_/www.smartsupp.comâ]
[xaitokens.app/presale/swap/index.html]
[xaitokens.app/presale/assets/svg-edited.svg]
[xaitokens.app/presale/swap/assets/img/bg.jpg]
[xaitokens.app/presale/swap/assets/css/swap.css]
[xaitokens.app/presale/swap/assets/images/logo/favicon.html]
[cdnjs.cloudflare.com/ajax/libs/font-awesome/5.13.0/css/all.min.css]
[xaitokens.app/presale/swap/âhttps_/www.smartsupp.html]
